###############################################################################
#
# IAR ELF Linker V3.11.1.207 for STM8                     22/Jan/2020  09:49:41
# Copyright 2010-2019 IAR Systems AB.
#
#    Output file  =  
#        D:\HN DATA\ST\Projects\hello world\Debug\Exe\hello_world.out
#    Map file     =  
#        D:\HN DATA\ST\Projects\hello world\Debug\List\hello_world.map
#    Command line =  
#        -f C:\Users\huungan\AppData\Local\Temp\EW11EA.tmp ("D:\HN
#        DATA\ST\Projects\hello world\Debug\Obj\main.o" "D:\HN
#        DATA\ST\Projects\hello world\Debug\Obj\stm8s103.o" "D:\HN
#        DATA\ST\Projects\hello world\Debug\Obj\stm8s_clk.o" "D:\HN
#        DATA\ST\Projects\hello world\Debug\Obj\stm8s_gpio.o" "D:\HN
#        DATA\ST\Projects\hello world\Debug\Obj\stm8s_it.o" --redirect
#        _Printf=_PrintfSmall --redirect _Scanf=_ScanfSmall --no_out_extension
#        -o "D:\HN DATA\ST\Projects\hello world\Debug\Exe\hello_world.out"
#        --map "D:\HN DATA\ST\Projects\hello world\Debug\List\hello_world.map"
#        --config "C:\Program Files (x86)\IAR Systems\Embedded Workbench
#        8.3\stm8\config\lnkstm8s103f2.icf" --config_def _CSTACK_SIZE=0x100
#        --config_def _HEAP_SIZE=0x100 --entry __iar_program_start --debug_lib)
#
###############################################################################

*******************************************************************************
*** RUNTIME MODEL ATTRIBUTES
***

__SystemLibrary            = DLib
__code_model               = medium_or_large
__core                     = stm8
__data_model               = medium
__dlib_file_descriptor     = 0
__dlib_full_locale_support = 0
__rt_version               = 4


*******************************************************************************
*** PLACEMENT SUMMARY
***

"A0":  place at start of [0x000000-0x0000ff] { rw section .vregs };
"A1":  place at end of [0x000000-0x0003ff] { block CSTACK };
"P2":  place in [from 0x000000 to 0x0003ff] {
          block HEAP, rw section __DLIB_PERTHREAD, rw section .far.bss,
          rw section .far.data, rw section .far.noinit,
          rw section .far_func.textrw, rw section .huge.bss,
          rw section .huge.data, rw section .huge.noinit,
          rw section .huge_func.textrw, rw section .iar.dynexit,
          rw section .near.bss, rw section .near.data, rw section .near.noinit,
          rw section .near_func.textrw };
"A2":  place at start of [0x008000-0x008fff] { block INTVEC };
"P3":  place in [from 0x008000 to 0x008fff] {
          ro section __DLIB_PERTHREAD_init, ro section .far.data_init,
          ro section .far_func.textrw_init, ro section .huge.data_init,
          ro section .huge_func.textrw_init, ro section .iar.init_table,
          ro section .init_array, ro section .near.data_init,
          ro section .near.rodata, ro section .near_func.text,
          ro section .near_func.textrw_init, ro section .tiny.data_init,
          ro section .tiny.rodata_init };
"P4":  place in [from 0x008000 to 0x008fff] {
          ro section .far.rodata, ro section .far_func.text };
"P5":  place in [from 0x008000 to 0x008fff] {
          ro section .huge.rodata, ro section .huge_func.text };
do not initialize {
   rw section .eeprom.noinit, rw section .far.noinit, rw section .huge.noinit,
   rw section .near.noinit, rw section .tiny.noinit, rw section .vregs };

No sections matched the following patterns:

  ro section .far.data_init          in "P3-P5"
  ro section .far.rodata             in "P3-P5"
  ro section .far_func.textrw_init   in "P3-P5"
  ro section .huge.data_init         in "P3-P5"
  ro section .huge.rodata            in "P3-P5"
  ro section .huge_func.text         in "P3-P5"
  ro section .huge_func.textrw_init  in "P3-P5"
  ro section .iar.init_table         in "P3-P5"
  ro section .init_array             in "P3-P5"
  ro section .near.data_init         in "P3-P5"
  ro section .near_func.text         in "P3-P5"
  ro section .near_func.textrw_init  in "P3-P5"
  ro section .tiny.data_init         in "P3-P5"
  ro section .tiny.rodata_init       in "P3-P5"
  ro section __DLIB_PERTHREAD_init   in "P3-P5"
  rw section .far.bss                in "P2"
  rw section .far.data               in "P2"
  rw section .far.noinit             in "P2"
  rw section .far_func.textrw        in "P2"
  rw section .huge.bss               in "P2"
  rw section .huge.data              in "P2"
  rw section .huge.noinit            in "P2"
  rw section .huge_func.textrw       in "P2"
  rw section .iar.dynexit            in "P2"
  rw section .near.data              in "P2"
  rw section .near.noinit            in "P2"
  rw section .near_func.textrw       in "P2"
  rw section .tiny.bss               in "P1"
  rw section .tiny.data              in "P1"
  rw section .tiny.noinit            in "P1"
  rw section .tiny.rodata            in "P1"
  rw section __DLIB_PERTHREAD        in "P2"
  section .eeprom.data               in "P6-P8"
  section .eeprom.noinit             in "P6-P8"
  section .eeprom.rodata             in "P6-P8"


  Section          Kind      Address   Size  Object
  -------          ----      -------   ----  ------
"A0":                                  0x10
  .vregs           uninit   0x000000   0x10  vregs.o [4]
                          - 0x000010   0x10

"P2":                                   0x4
  .near.bss        zero     0x000010    0x4  main.o [1]
                          - 0x000014    0x4

"A1":                                 0x100
  CSTACK                    0x000300  0x100  <Block>
    CSTACK         uninit   0x000300  0x100  <Block tail>
                          - 0x000400  0x100

"A2":                                  0x80
  INTVEC                    0x008000   0x80  <Block>
    .intvec        const    0x008000   0x80  interrupt.o [4]
                          - 0x008080   0x80

"P3-P5":                              0x665
  .far_func.text   ro code  0x008080  0x134  stm8s_clk.o [1]
  .far_func.text   ro code  0x0081b4  0x115  stm8s_gpio.o [1]
  .far_func.text   ro code  0x0082c9   0x8c  stm8s_clk.o [1]
  .far_func.text   ro code  0x008355   0x8c  long.o [4]
  .far_func.text   ro code  0x0083e1   0x7f  vreg_util.o [4]
  .far_func.text   ro code  0x008460   0x58  stm8s_clk.o [1]
  .near.rodata     const    0x0084b8   0x54  stm8s_gpio.o [1]
  .near.rodata     const    0x00850c   0x53  stm8s_clk.o [1]
  .far_func.text   ro code  0x00855f   0x36  stm8s_clk.o [1]
  .far_func.text   ro code  0x008595   0x33  main.o [1]
  .far_func.text   ro code  0x0085c8   0x2c  dc_util.o [4]
  .iar.init_table  const    0x0085f4    0x9  - Linker created -
  .far_func.text   ro code  0x0085fd   0x1e  init.o [4]
  .far_func.text   ro code  0x00861b   0x1e  init_small.o [4]
  .far_func.text   ro code  0x008639   0x18  stm8s103.o [1]
  .far_func.text   ro code  0x008651   0x17  cstartup.o [4]
  .far_func.text   ro code  0x008668   0x16  __dbg_xxexit.o [3]
  .far_func.text   ro code  0x00867e   0x15  main.o [1]
  .far_func.text   ro code  0x008693    0xe  long_util.o [4]
  .far_func.text   ro code  0x0086a1    0xe  far_util.o [4]
  .far_func.text   ro code  0x0086af    0x7  stm8s_gpio.o [1]
  .far_func.text   ro code  0x0086b6    0x6  cexit.o [4]
  .far_func.text   ro code  0x0086bc    0x4  interrupt.o [4]
  .far_func.text   ro code  0x0086c0    0x4  exit.o [4]
  .near.rodata     const    0x0086c4    0x4  stm8s_clk.o [1]
  .far_func.text   ro code  0x0086c8    0x3  low_level_init.o [4]
  .far_func.text   ro code  0x0086cb    0x3  unhandled_exception.o [4]
  .far_func.text   ro code  0x0086ce    0x2  main.o [1]
  .far_func.text   ro code  0x0086d0    0x1  stm8s_it.o [1]
  .far_func.text   ro code  0x0086d1    0x1  stm8s_it.o [1]
  .far_func.text   ro code  0x0086d2    0x1  stm8s_it.o [1]
  .far_func.text   ro code  0x0086d3    0x1  stm8s_it.o [1]
  .far_func.text   ro code  0x0086d4    0x1  stm8s_it.o [1]
  .far_func.text   ro code  0x0086d5    0x1  stm8s_it.o [1]
  .far_func.text   ro code  0x0086d6    0x1  stm8s_it.o [1]
  .far_func.text   ro code  0x0086d7    0x1  stm8s_it.o [1]
  .far_func.text   ro code  0x0086d8    0x1  stm8s_it.o [1]
  .far_func.text   ro code  0x0086d9    0x1  stm8s_it.o [1]
  .far_func.text   ro code  0x0086da    0x1  stm8s_it.o [1]
  .far_func.text   ro code  0x0086db    0x1  stm8s_it.o [1]
  .far_func.text   ro code  0x0086dc    0x1  stm8s_it.o [1]
  .far_func.text   ro code  0x0086dd    0x1  stm8s_it.o [1]
  .far_func.text   ro code  0x0086de    0x1  stm8s_it.o [1]
  .far_func.text   ro code  0x0086df    0x1  stm8s_it.o [1]
  .far_func.text   ro code  0x0086e0    0x1  stm8s_it.o [1]
  .far_func.text   ro code  0x0086e1    0x1  stm8s_it.o [1]
  .far_func.text   ro code  0x0086e2    0x1  stm8s_it.o [1]
  .far_func.text   ro code  0x0086e3    0x1  stm8s_it.o [1]
  .far_func.text   ro code  0x0086e4    0x1  __dbg_break.o [3]
                          - 0x0086e5  0x665


*******************************************************************************
*** INIT TABLE
***

          Address   Size
          -------   ----
Zero (__iar_zero_init2)
    1 destination range, total size 0x4:
          0x000010   0x4



*******************************************************************************
*** MODULE SUMMARY
***

    Module                 ro code  ro data  rw data
    ------                 -------  -------  -------
D:\HN DATA\ST\Projects\hello world\Debug\Obj: [1]
    main.o                      74                 4
    stm8s103.o                  24
    stm8s_clk.o                590       87
    stm8s_gpio.o               284       84
    stm8s_it.o                  20
    ------------------------------------------------
    Total:                     992      171        4

command line: [2]
    ------------------------------------------------
    Total:

dbgstm8mmd.a: [3]
    __dbg_break.o                1
    __dbg_xxexit.o              22
    ------------------------------------------------
    Total:                      23

dlstm8mmn.a: [4]
    cexit.o                      6
    cstartup.o                  23
    dc_util.o                   44
    exit.o                       4
    far_util.o                  14
    init.o                      30
    init_small.o                30
    interrupt.o                  4      128
    long.o                     140
    long_util.o                 14
    low_level_init.o             3
    unhandled_exception.o        3
    vreg_util.o                127
    vregs.o                                       16
    ------------------------------------------------
    Total:                     442      128       16

    Linker created                        9      256
----------------------------------------------------
    Grand Total:             1 457      308      276


*******************************************************************************
*** ENTRY LIST
***

Entry                    Address   Size  Type      Object
-----                    -------   ----  ----      ------
.iar.init_table$$Base   0x0085f4          --   Gb  - Linker created -
.iar.init_table$$Limit  0x0085fd          --   Gb  - Linker created -
?b0                     0x000000         Data  Gb  vregs.o [4]
?b1                     0x000001         Data  Gb  vregs.o [4]
?b10                    0x00000a         Data  Gb  vregs.o [4]
?b11                    0x00000b         Data  Gb  vregs.o [4]
?b12                    0x00000c         Data  Gb  vregs.o [4]
?b13                    0x00000d         Data  Gb  vregs.o [4]
?b14                    0x00000e         Data  Gb  vregs.o [4]
?b15                    0x00000f         Data  Gb  vregs.o [4]
?b2                     0x000002         Data  Gb  vregs.o [4]
?b3                     0x000003         Data  Gb  vregs.o [4]
?b4                     0x000004         Data  Gb  vregs.o [4]
?b5                     0x000005         Data  Gb  vregs.o [4]
?b6                     0x000006         Data  Gb  vregs.o [4]
?b7                     0x000007         Data  Gb  vregs.o [4]
?b8                     0x000008         Data  Gb  vregs.o [4]
?b9                     0x000009         Data  Gb  vregs.o [4]
?dc32_l0                0x0085c8         Code  Gb  dc_util.o [4]
?dec32_0x_0x            0x00835a         Code  Gb  long.o [4]
?dec32_l0_l0            0x008355         Code  Gb  long.o [4]
?e0                     0x000001         Data  Gb  vregs.o [4]
?e1                     0x000005         Data  Gb  vregs.o [4]
?e2                     0x000009         Data  Gb  vregs.o [4]
?e3                     0x00000d         Data  Gb  vregs.o [4]
?epilogue_l2            0x008452         Code  Gb  vreg_util.o [4]
?epilogue_l2_w6         0x008457         Code  Gb  vreg_util.o [4]
?l0                     0x000000         Data  Gb  vregs.o [4]
?l1                     0x000004         Data  Gb  vregs.o [4]
?l2                     0x000008         Data  Gb  vregs.o [4]
?l3                     0x00000c         Data  Gb  vregs.o [4]
?load24_e1_0x           0x0086a1         Code  Gb  far_util.o [4]
?load32_0x_l0           0x008693         Code  Gb  long_util.o [4]
?pop_l2                 0x00843b         Code  Gb  vreg_util.o [4]
?pop_w6                 0x008402         Code  Gb  vreg_util.o [4]
?push_l2                0x008415         Code  Gb  vreg_util.o [4]
?push_w4                0x0083e1         Code  Gb  vreg_util.o [4]
?push_w6                0x0083e6         Code  Gb  vreg_util.o [4]
?udiv32_l0_dl_l1        0x00836e         Code  Gb  long.o [4]
?udiv32_l0_l0_l1        0x008374         Code  Gb  long.o [4]
?umod32_l1_l0_l1        0x008374         Code  Gb  long.o [4]
?w0                     0x000000         Data  Gb  vregs.o [4]
?w1                     0x000002         Data  Gb  vregs.o [4]
?w2                     0x000004         Data  Gb  vregs.o [4]
?w3                     0x000006         Data  Gb  vregs.o [4]
?w4                     0x000008         Data  Gb  vregs.o [4]
?w5                     0x00000a         Data  Gb  vregs.o [4]
?w6                     0x00000c         Data  Gb  vregs.o [4]
?w7                     0x00000e         Data  Gb  vregs.o [4]
ADC1_IRQHandler         0x0086e1    0x1  Code  Gb  stm8s_it.o [1]
AWU_IRQHandler          0x0086d2    0x1  Code  Gb  stm8s_it.o [1]
CLK_CONFIG_16MHZ_HSE    0x008639   0x18  Code  Gb  stm8s103.o [1]
CLK_ClockSwitchConfig   0x008080  0x134  Code  Gb  stm8s_clk.o [1]
CLK_DeInit              0x00855f   0x36  Code  Gb  stm8s_clk.o [1]
CLK_GetClockFreq        0x008460   0x58  Code  Gb  stm8s_clk.o [1]
CLK_IRQHandler          0x0086d3    0x1  Code  Gb  stm8s_it.o [1]
CLK_SYSCLKConfig        0x0082c9   0x8c  Code  Gb  stm8s_clk.o [1]
CSTACK$$Base            0x000300          --   Gb  - Linker created -
CSTACK$$Limit           0x000400          --   Gb  - Linker created -
Delay                   0x00867e   0x15  Code  Gb  main.o [1]
EEPROM_EEC_IRQHandler   0x0086e3    0x1  Code  Gb  stm8s_it.o [1]
EXTI_PORTA_IRQHandler   0x0086d4    0x1  Code  Gb  stm8s_it.o [1]
EXTI_PORTB_IRQHandler   0x0086d5    0x1  Code  Gb  stm8s_it.o [1]
EXTI_PORTC_IRQHandler   0x0086d6    0x1  Code  Gb  stm8s_it.o [1]
EXTI_PORTD_IRQHandler   0x0086d7    0x1  Code  Gb  stm8s_it.o [1]
EXTI_PORTE_IRQHandler   0x0086d8    0x1  Code  Gb  stm8s_it.o [1]
GPIO_Init               0x0081b4  0x115  Code  Gb  stm8s_gpio.o [1]
GPIO_WriteReverse       0x0086af    0x7  Code  Gb  stm8s_gpio.o [1]
HSIDivFactor            0x0086c4    0x4  Data  Gb  stm8s_clk.o [1]
I2C_IRQHandler          0x0086e0    0x1  Code  Gb  stm8s_it.o [1]
INTVEC$$Base            0x008000          --   Gb  - Linker created -
INTVEC$$Limit           0x008080          --   Gb  - Linker created -
Region$$Table$$Base     0x0085f4          --   Gb  - Linker created -
Region$$Table$$Limit    0x0085fd          --   Gb  - Linker created -
SPI_IRQHandler          0x0086d9    0x1  Code  Gb  stm8s_it.o [1]
TIM1_CAP_COM_IRQHandler
                        0x0086db    0x1  Code  Gb  stm8s_it.o [1]
TIM1_UPD_OVF_TRG_BRK_IRQHandler
                        0x0086da    0x1  Code  Gb  stm8s_it.o [1]
TIM2_CAP_COM_IRQHandler
                        0x0086dd    0x1  Code  Gb  stm8s_it.o [1]
TIM2_UPD_OVF_BRK_IRQHandler
                        0x0086dc    0x1  Code  Gb  stm8s_it.o [1]
TIM4_UPD_OVF_IRQHandler
                        0x0086e2    0x1  Code  Gb  stm8s_it.o [1]
TLI_IRQHandler          0x0086d1    0x1  Code  Gb  stm8s_it.o [1]
TRAP_IRQHandler         0x0086d0    0x1  Code  Gb  stm8s_it.o [1]
UART1_RX_IRQHandler     0x0086df    0x1  Code  Gb  stm8s_it.o [1]
UART1_TX_IRQHandler     0x0086de    0x1  Code  Gb  stm8s_it.o [1]
__DebugBreak            0x0086e4    0x1  Code  Gb  __dbg_break.o [3]
__exit                  0x008668   0x16  Code  Gb  __dbg_xxexit.o [3]
__iar_data_init2        0x0085fd   0x1e  Code  Gb  init.o [4]
__iar_program_start     0x008651         Code  Gb  cstartup.o [4]
__iar_unhandled_exception
                        0x0086cb         Code  Gb  unhandled_exception.o [4]
__iar_zero_init2        0x00861b         Code  Gb  init_small.o [4]
__intvec                0x008000         Data  Gb  interrupt.o [4]
__low_level_init        0x0086c8    0x3  Code  Gb  low_level_init.o [4]
_exit                   0x0086b6         Code  Gb  cexit.o [4]
_interrupt_1            0x0086d0         Code  Gb  stm8s_it.o [1]
_interrupt_12           0x0086d9         Code  Gb  stm8s_it.o [1]
_interrupt_13           0x0086da         Code  Gb  stm8s_it.o [1]
_interrupt_14           0x0086db         Code  Gb  stm8s_it.o [1]
_interrupt_15           0x0086dc         Code  Gb  stm8s_it.o [1]
_interrupt_16           0x0086dd         Code  Gb  stm8s_it.o [1]
_interrupt_19           0x0086de         Code  Gb  stm8s_it.o [1]
_interrupt_2            0x0086d1         Code  Gb  stm8s_it.o [1]
_interrupt_20           0x0086df         Code  Gb  stm8s_it.o [1]
_interrupt_21           0x0086e0         Code  Gb  stm8s_it.o [1]
_interrupt_24           0x0086e1         Code  Gb  stm8s_it.o [1]
_interrupt_25           0x0086e2         Code  Gb  stm8s_it.o [1]
_interrupt_26           0x0086e3         Code  Gb  stm8s_it.o [1]
_interrupt_3            0x0086d2         Code  Gb  stm8s_it.o [1]
_interrupt_4            0x0086d3         Code  Gb  stm8s_it.o [1]
_interrupt_5            0x0086d4         Code  Gb  stm8s_it.o [1]
_interrupt_6            0x0086d5         Code  Gb  stm8s_it.o [1]
_interrupt_7            0x0086d6         Code  Gb  stm8s_it.o [1]
_interrupt_8            0x0086d7         Code  Gb  stm8s_it.o [1]
_interrupt_9            0x0086d8         Code  Gb  stm8s_it.o [1]
assert_failed           0x0086ce    0x2  Code  Gb  main.o [1]
clk                     0x000010    0x4  Data  Gb  main.o [1]
exit                    0x0086c0    0x4  Code  Gb  exit.o [4]
main                    0x008595   0x33  Code  Gb  main.o [1]


[1] = D:\HN DATA\ST\Projects\hello world\Debug\Obj
[2] = command line
[3] = dbgstm8mmd.a
[4] = dlstm8mmn.a

  1 457 bytes of readonly  code memory
    308 bytes of readonly  data memory
    276 bytes of readwrite data memory

Errors: none
Warnings: none
