###############################################################################
#
# IAR ELF Linker V3.11.1.207 for STM8                     11/Feb/2020  20:06:52
# Copyright 2010-2019 IAR Systems AB.
#
#    Output file  =  D:\HN DATA\ST\Projects\ADC\Debug\Exe\ADC.out
#    Map file     =  D:\HN DATA\ST\Projects\ADC\Debug\List\ADC.map
#    Command line =  
#        -f C:\Users\huungan\AppData\Local\Temp\EWF46E.tmp ("D:\HN
#        DATA\ST\Projects\ADC\Debug\Obj\main.o" "D:\HN
#        DATA\ST\Projects\ADC\Debug\Obj\stm8s103.o" "D:\HN
#        DATA\ST\Projects\ADC\Debug\Obj\stm8s_adc1.o" "D:\HN
#        DATA\ST\Projects\ADC\Debug\Obj\stm8s_clk.o" "D:\HN
#        DATA\ST\Projects\ADC\Debug\Obj\stm8s_exti.o" "D:\HN
#        DATA\ST\Projects\ADC\Debug\Obj\stm8s_gpio.o" "D:\HN
#        DATA\ST\Projects\ADC\Debug\Obj\stm8s_it.o" "D:\HN
#        DATA\ST\Projects\ADC\Debug\Obj\stm8s_tim4.o" --redirect
#        _Printf=_PrintfSmall --redirect _Scanf=_ScanfSmall --no_out_extension
#        -o "D:\HN DATA\ST\Projects\ADC\Debug\Exe\ADC.out" --map "D:\HN
#        DATA\ST\Projects\ADC\Debug\List\ADC.map" --config "C:\Program Files
#        (x86)\IAR Systems\Embedded Workbench
#        8.3\stm8\config\lnkstm8s103f2.icf" --config_def _CSTACK_SIZE=0x100
#        --config_def _HEAP_SIZE=0x100 --entry __iar_program_start --debug_lib)
#
###############################################################################

*******************************************************************************
*** RUNTIME MODEL ATTRIBUTES
***

__SystemLibrary            = DLib
__code_model               = medium_or_large
__core                     = stm8
__data_model               = medium
__dlib_file_descriptor     = 0
__dlib_full_locale_support = 0
__rt_version               = 4


*******************************************************************************
*** PLACEMENT SUMMARY
***

"A0":  place at start of [0x000000-0x0000ff] { rw section .vregs };
"A1":  place at end of [0x000000-0x0003ff] { block CSTACK };
"A2":  place at start of [0x008000-0x008fff] { block INTVEC };
"P3":  place in [from 0x008000 to 0x008fff] {
          ro section __DLIB_PERTHREAD_init, ro section .far.data_init,
          ro section .far_func.textrw_init, ro section .huge.data_init,
          ro section .huge_func.textrw_init, ro section .iar.init_table,
          ro section .init_array, ro section .near.data_init,
          ro section .near.rodata, ro section .near_func.text,
          ro section .near_func.textrw_init, ro section .tiny.data_init,
          ro section .tiny.rodata_init };
"P4":  place in [from 0x008000 to 0x008fff] {
          ro section .far.rodata, ro section .far_func.text };
"P5":  place in [from 0x008000 to 0x008fff] {
          ro section .huge.rodata, ro section .huge_func.text };
do not initialize {
   rw section .eeprom.noinit, rw section .far.noinit, rw section .huge.noinit,
   rw section .near.noinit, rw section .tiny.noinit, rw section .vregs };

No sections matched the following patterns:

  ro section .far.data_init          in "P3-P5"
  ro section .far.rodata             in "P3-P5"
  ro section .far_func.textrw_init   in "P3-P5"
  ro section .huge.data_init         in "P3-P5"
  ro section .huge.rodata            in "P3-P5"
  ro section .huge_func.text         in "P3-P5"
  ro section .huge_func.textrw_init  in "P3-P5"
  ro section .iar.init_table         in "P3-P5"
  ro section .init_array             in "P3-P5"
  ro section .near.data_init         in "P3-P5"
  ro section .near_func.text         in "P3-P5"
  ro section .near_func.textrw_init  in "P3-P5"
  ro section .tiny.data_init         in "P3-P5"
  ro section .tiny.rodata_init       in "P3-P5"
  ro section __DLIB_PERTHREAD_init   in "P3-P5"
  rw section .far.bss                in "P2"
  rw section .far.data               in "P2"
  rw section .far.noinit             in "P2"
  rw section .far_func.textrw        in "P2"
  rw section .huge.bss               in "P2"
  rw section .huge.data              in "P2"
  rw section .huge.noinit            in "P2"
  rw section .huge_func.textrw       in "P2"
  rw section .iar.dynexit            in "P2"
  rw section .near.bss               in "P2"
  rw section .near.data              in "P2"
  rw section .near.noinit            in "P2"
  rw section .near_func.textrw       in "P2"
  rw section .tiny.bss               in "P1"
  rw section .tiny.data              in "P1"
  rw section .tiny.noinit            in "P1"
  rw section .tiny.rodata            in "P1"
  rw section __DLIB_PERTHREAD        in "P2"
  section .eeprom.data               in "P6-P8"
  section .eeprom.noinit             in "P6-P8"
  section .eeprom.rodata             in "P6-P8"


  Section         Kind      Address   Size  Object
  -------         ----      -------   ----  ------
"A0":                                  0xc
  .vregs          uninit   0x000000    0xc  vregs.o [4]
                         - 0x00000c    0xc

"A1":                                0x100
  CSTACK                   0x000300  0x100  <Block>
    CSTACK        uninit   0x000300  0x100  <Block tail>
                         - 0x000400  0x100

"A2":                                 0x80
  INTVEC                   0x008000   0x80  <Block>
    .intvec       const    0x008000   0x80  interrupt.o [4]
                         - 0x008080   0x80

"P3-P5":                             0x41e
  .far_func.text  ro code  0x008080  0x115  stm8s_gpio.o [1]
  .far_func.text  ro code  0x008195   0xdb  stm8s_exti.o [1]
  .far_func.text  ro code  0x008270   0x96  vreg_util.o [4]
  .far_func.text  ro code  0x008306   0x3c  main.o [1]
  .near.rodata    const    0x008342   0x36  stm8s_exti.o [1]
  .near.rodata    const    0x008378   0x36  stm8s_gpio.o [1]
  .far_func.text  ro code  0x0083ae   0x2d  stm8s_it.o [1]
  .far_func.text  ro code  0x0083db   0x2d  stm8s_it.o [1]
  .far_func.text  ro code  0x008408   0x1e  init.o [4]
  .far_func.text  ro code  0x008426   0x17  cstartup.o [4]
  .far_func.text  ro code  0x00843d   0x16  __dbg_xxexit.o [3]
  .far_func.text  ro code  0x008453    0xe  far_util.o [4]
  .far_func.text  ro code  0x008461    0x7  stm8s_gpio.o [1]
  .far_func.text  ro code  0x008468    0x7  stm8s_gpio.o [1]
  .far_func.text  ro code  0x00846f    0x6  char.o [4]
  .far_func.text  ro code  0x008475    0x6  cexit.o [4]
  .far_func.text  ro code  0x00847b    0x4  interrupt.o [4]
  .far_func.text  ro code  0x00847f    0x4  exit.o [4]
  .far_func.text  ro code  0x008483    0x3  low_level_init.o [4]
  .far_func.text  ro code  0x008486    0x3  unhandled_exception.o [4]
  .far_func.text  ro code  0x008489    0x2  main.o [1]
  .far_func.text  ro code  0x00848b    0x1  stm8s_it.o [1]
  .far_func.text  ro code  0x00848c    0x1  stm8s_it.o [1]
  .far_func.text  ro code  0x00848d    0x1  stm8s_it.o [1]
  .far_func.text  ro code  0x00848e    0x1  stm8s_it.o [1]
  .far_func.text  ro code  0x00848f    0x1  stm8s_it.o [1]
  .far_func.text  ro code  0x008490    0x1  stm8s_it.o [1]
  .far_func.text  ro code  0x008491    0x1  stm8s_it.o [1]
  .far_func.text  ro code  0x008492    0x1  stm8s_it.o [1]
  .far_func.text  ro code  0x008493    0x1  stm8s_it.o [1]
  .far_func.text  ro code  0x008494    0x1  stm8s_it.o [1]
  .far_func.text  ro code  0x008495    0x1  stm8s_it.o [1]
  .far_func.text  ro code  0x008496    0x1  stm8s_it.o [1]
  .far_func.text  ro code  0x008497    0x1  stm8s_it.o [1]
  .far_func.text  ro code  0x008498    0x1  stm8s_it.o [1]
  .far_func.text  ro code  0x008499    0x1  stm8s_it.o [1]
  .far_func.text  ro code  0x00849a    0x1  stm8s_it.o [1]
  .far_func.text  ro code  0x00849b    0x1  stm8s_it.o [1]
  .far_func.text  ro code  0x00849c    0x1  stm8s_it.o [1]
  .far_func.text  ro code  0x00849d    0x1  __dbg_break.o [3]
                         - 0x00849e  0x41e



*******************************************************************************
*** MODULE SUMMARY
***

    Module                 ro code  ro data  rw data
    ------                 -------  -------  -------
D:\HN DATA\ST\Projects\ADC\Debug\Obj: [1]
    main.o                      62
    stm8s_exti.o               219       54
    stm8s_gpio.o               291       54
    stm8s_it.o                 108
    ------------------------------------------------
    Total:                     680      108

command line: [2]
    ------------------------------------------------
    Total:

dbgstm8mmd.a: [3]
    __dbg_break.o                1
    __dbg_xxexit.o              22
    ------------------------------------------------
    Total:                      23

dlstm8mmn.a: [4]
    cexit.o                      6
    char.o                       6
    cstartup.o                  23
    exit.o                       4
    far_util.o                  14
    init.o                      30
    interrupt.o                  4      128
    low_level_init.o             3
    unhandled_exception.o        3
    vreg_util.o                150
    vregs.o                                       12
    ------------------------------------------------
    Total:                     243      128       12

    Linker created                               256
----------------------------------------------------
    Grand Total:               946      236      268


*******************************************************************************
*** ENTRY LIST
***

Entry                     Address   Size  Type      Object
-----                     -------   ----  ----      ------
?b0                      0x000000         Data  Gb  vregs.o [4]
?b1                      0x000001         Data  Gb  vregs.o [4]
?b10                     0x00000a         Data  Gb  vregs.o [4]
?b11                     0x00000b         Data  Gb  vregs.o [4]
?b2                      0x000002         Data  Gb  vregs.o [4]
?b3                      0x000003         Data  Gb  vregs.o [4]
?b4                      0x000004         Data  Gb  vregs.o [4]
?b5                      0x000005         Data  Gb  vregs.o [4]
?b6                      0x000006         Data  Gb  vregs.o [4]
?b7                      0x000007         Data  Gb  vregs.o [4]
?b8                      0x000008         Data  Gb  vregs.o [4]
?b9                      0x000009         Data  Gb  vregs.o [4]
?e0                      0x000001         Data  Gb  vregs.o [4]
?e1                      0x000005         Data  Gb  vregs.o [4]
?e2                      0x000009         Data  Gb  vregs.o [4]
?epilogue_l2             0x0082fc         Code  Gb  vreg_util.o [4]
?epilogue_w4             0x008301         Code  Gb  vreg_util.o [4]
?l0                      0x000000         Data  Gb  vregs.o [4]
?l1                      0x000004         Data  Gb  vregs.o [4]
?l2                      0x000008         Data  Gb  vregs.o [4]
?load24_e1_0x            0x008453         Code  Gb  far_util.o [4]
?pop_l0                  0x0082cf         Code  Gb  vreg_util.o [4]
?pop_l1                  0x0082da         Code  Gb  vreg_util.o [4]
?pop_l2                  0x0082e5         Code  Gb  vreg_util.o [4]
?pop_w4                  0x00828c         Code  Gb  vreg_util.o [4]
?push_l0                 0x00829f         Code  Gb  vreg_util.o [4]
?push_l1                 0x0082a4         Code  Gb  vreg_util.o [4]
?push_l2                 0x0082a9         Code  Gb  vreg_util.o [4]
?push_w4                 0x008270         Code  Gb  vreg_util.o [4]
?sll8_a_a_5              0x008470         Code  Gb  char.o [4]
?sll8_a_a_6              0x00846f         Code  Gb  char.o [4]
?w0                      0x000000         Data  Gb  vregs.o [4]
?w1                      0x000002         Data  Gb  vregs.o [4]
?w2                      0x000004         Data  Gb  vregs.o [4]
?w3                      0x000006         Data  Gb  vregs.o [4]
?w4                      0x000008         Data  Gb  vregs.o [4]
?w5                      0x00000a         Data  Gb  vregs.o [4]
ADC1_IRQHandler          0x00849a    0x1  Code  Gb  stm8s_it.o [1]
AWU_IRQHandler           0x00848d    0x1  Code  Gb  stm8s_it.o [1]
CLK_IRQHandler           0x00848e    0x1  Code  Gb  stm8s_it.o [1]
CSTACK$$Base             0x000300          --   Gb  - Linker created -
CSTACK$$Limit            0x000400          --   Gb  - Linker created -
EEPROM_EEC_IRQHandler    0x00849c    0x1  Code  Gb  stm8s_it.o [1]
EXTI_PORTA_IRQHandler    0x0083ae   0x2d  Code  Gb  stm8s_it.o [1]
EXTI_PORTB_IRQHandler    0x00848f    0x1  Code  Gb  stm8s_it.o [1]
EXTI_PORTC_IRQHandler    0x008490    0x1  Code  Gb  stm8s_it.o [1]
EXTI_PORTD_IRQHandler    0x0083db   0x2d  Code  Gb  stm8s_it.o [1]
EXTI_PORTE_IRQHandler    0x008491    0x1  Code  Gb  stm8s_it.o [1]
EXTI_SetExtIntSensitivity
                         0x008195   0xdb  Code  Gb  stm8s_exti.o [1]
GPIO_Init                0x008080  0x115  Code  Gb  stm8s_gpio.o [1]
GPIO_ReadInputPin        0x008468    0x7  Code  Gb  stm8s_gpio.o [1]
GPIO_WriteReverse        0x008461    0x7  Code  Gb  stm8s_gpio.o [1]
I2C_IRQHandler           0x008499    0x1  Code  Gb  stm8s_it.o [1]
INTVEC$$Base             0x008000          --   Gb  - Linker created -
INTVEC$$Limit            0x008080          --   Gb  - Linker created -
Region$$Table$$Base    0x00000000          --   Gb  - Linker created -
Region$$Table$$Limit   0x00000000          --   Gb  - Linker created -
SPI_IRQHandler           0x008492    0x1  Code  Gb  stm8s_it.o [1]
TIM1_CAP_COM_IRQHandler
                         0x008494    0x1  Code  Gb  stm8s_it.o [1]
TIM1_UPD_OVF_TRG_BRK_IRQHandler
                         0x008493    0x1  Code  Gb  stm8s_it.o [1]
TIM2_CAP_COM_IRQHandler
                         0x008496    0x1  Code  Gb  stm8s_it.o [1]
TIM2_UPD_OVF_BRK_IRQHandler
                         0x008495    0x1  Code  Gb  stm8s_it.o [1]
TIM4_UPD_OVF_IRQHandler
                         0x00849b    0x1  Code  Gb  stm8s_it.o [1]
TLI_IRQHandler           0x00848c    0x1  Code  Gb  stm8s_it.o [1]
TRAP_IRQHandler          0x00848b    0x1  Code  Gb  stm8s_it.o [1]
UART1_RX_IRQHandler      0x008498    0x1  Code  Gb  stm8s_it.o [1]
UART1_TX_IRQHandler      0x008497    0x1  Code  Gb  stm8s_it.o [1]
__DebugBreak             0x00849d    0x1  Code  Gb  __dbg_break.o [3]
__exit                   0x00843d   0x16  Code  Gb  __dbg_xxexit.o [3]
__iar_data_init2         0x008408   0x1e  Code  Gb  init.o [4]
__iar_program_start      0x008426         Code  Gb  cstartup.o [4]
__iar_unhandled_exception
                         0x008486         Code  Gb  unhandled_exception.o [4]
__intvec                 0x008000         Data  Gb  interrupt.o [4]
__low_level_init         0x008483    0x3  Code  Gb  low_level_init.o [4]
_exit                    0x008475         Code  Gb  cexit.o [4]
_interrupt_1             0x00848b         Code  Gb  stm8s_it.o [1]
_interrupt_12            0x008492         Code  Gb  stm8s_it.o [1]
_interrupt_13            0x008493         Code  Gb  stm8s_it.o [1]
_interrupt_14            0x008494         Code  Gb  stm8s_it.o [1]
_interrupt_15            0x008495         Code  Gb  stm8s_it.o [1]
_interrupt_16            0x008496         Code  Gb  stm8s_it.o [1]
_interrupt_19            0x008497         Code  Gb  stm8s_it.o [1]
_interrupt_2             0x00848c         Code  Gb  stm8s_it.o [1]
_interrupt_20            0x008498         Code  Gb  stm8s_it.o [1]
_interrupt_21            0x008499         Code  Gb  stm8s_it.o [1]
_interrupt_24            0x00849a         Code  Gb  stm8s_it.o [1]
_interrupt_25            0x00849b         Code  Gb  stm8s_it.o [1]
_interrupt_26            0x00849c         Code  Gb  stm8s_it.o [1]
_interrupt_3             0x00848d         Code  Gb  stm8s_it.o [1]
_interrupt_4             0x00848e         Code  Gb  stm8s_it.o [1]
_interrupt_5             0x0083ae         Code  Gb  stm8s_it.o [1]
_interrupt_6             0x00848f         Code  Gb  stm8s_it.o [1]
_interrupt_7             0x008490         Code  Gb  stm8s_it.o [1]
_interrupt_8             0x0083db         Code  Gb  stm8s_it.o [1]
_interrupt_9             0x008491         Code  Gb  stm8s_it.o [1]
assert_failed            0x008489    0x2  Code  Gb  main.o [1]
exit                     0x00847f    0x4  Code  Gb  exit.o [4]
main                     0x008306   0x3c  Code  Gb  main.o [1]


[1] = D:\HN DATA\ST\Projects\ADC\Debug\Obj
[2] = command line
[3] = dbgstm8mmd.a
[4] = dlstm8mmn.a

  946 bytes of readonly  code memory
  236 bytes of readonly  data memory
  268 bytes of readwrite data memory

Errors: none
Warnings: none
