###############################################################################
#
# IAR ELF Linker V3.11.1.207 for STM8                     02/Mar/2020  16:21:58
# Copyright 2010-2019 IAR Systems AB.
#
#    Output file  =  
#        D:\Tai lieu dien tu\Projects\STM8-projects\ADC\Debug\Exe\ADC.out
#    Map file     =  
#        D:\Tai lieu dien tu\Projects\STM8-projects\ADC\Debug\List\ADC.map
#    Command line =  
#        -f C:\Users\HuuNgan\AppData\Local\Temp\EW25A9.tmp ("D:\Tai lieu dien
#        tu\Projects\STM8-projects\ADC\Debug\Obj\main.o" "D:\Tai lieu dien
#        tu\Projects\STM8-projects\ADC\Debug\Obj\stm8s103.o" "D:\Tai lieu dien
#        tu\Projects\STM8-projects\ADC\Debug\Obj\stm8s_adc1.o" "D:\Tai lieu
#        dien tu\Projects\STM8-projects\ADC\Debug\Obj\stm8s_clk.o" "D:\Tai lieu
#        dien tu\Projects\STM8-projects\ADC\Debug\Obj\stm8s_exti.o" "D:\Tai
#        lieu dien tu\Projects\STM8-projects\ADC\Debug\Obj\stm8s_gpio.o"
#        "D:\Tai lieu dien tu\Projects\STM8-projects\ADC\Debug\Obj\stm8s_it.o"
#        "D:\Tai lieu dien
#        tu\Projects\STM8-projects\ADC\Debug\Obj\stm8s_tim4.o" --redirect
#        _Printf=_PrintfSmall --redirect _Scanf=_ScanfSmall --no_out_extension
#        -o "D:\Tai lieu dien tu\Projects\STM8-projects\ADC\Debug\Exe\ADC.out"
#        --map "D:\Tai lieu dien
#        tu\Projects\STM8-projects\ADC\Debug\List\ADC.map" --config "C:\Program
#        Files (x86)\IAR Systems\Embedded Workbench
#        8.3\stm8\config\lnkstm8s103f2.icf" --config_def _CSTACK_SIZE=0x100
#        --config_def _HEAP_SIZE=0x100 --entry __iar_program_start --debug_lib)
#
###############################################################################

*******************************************************************************
*** RUNTIME MODEL ATTRIBUTES
***

__SystemLibrary            = DLib
__code_model               = medium_or_large
__core                     = stm8
__data_model               = medium
__dlib_file_descriptor     = 0
__dlib_full_locale_support = 0
__rt_version               = 4


*******************************************************************************
*** PLACEMENT SUMMARY
***

"A0":  place at start of [0x000000-0x0000ff] { rw section .vregs };
"A1":  place at end of [0x000000-0x0003ff] { block CSTACK };
"P2":  place in [from 0x000000 to 0x0003ff] {
          block HEAP, rw section __DLIB_PERTHREAD, rw section .far.bss,
          rw section .far.data, rw section .far.noinit,
          rw section .far_func.textrw, rw section .huge.bss,
          rw section .huge.data, rw section .huge.noinit,
          rw section .huge_func.textrw, rw section .iar.dynexit,
          rw section .near.bss, rw section .near.data, rw section .near.noinit,
          rw section .near_func.textrw };
"A2":  place at start of [0x008000-0x008fff] { block INTVEC };
"P3":  place in [from 0x008000 to 0x008fff] {
          ro section __DLIB_PERTHREAD_init, ro section .far.data_init,
          ro section .far_func.textrw_init, ro section .huge.data_init,
          ro section .huge_func.textrw_init, ro section .iar.init_table,
          ro section .init_array, ro section .near.data_init,
          ro section .near.rodata, ro section .near_func.text,
          ro section .near_func.textrw_init, ro section .tiny.data_init,
          ro section .tiny.rodata_init };
"P4":  place in [from 0x008000 to 0x008fff] {
          ro section .far.rodata, ro section .far_func.text };
"P5":  place in [from 0x008000 to 0x008fff] {
          ro section .huge.rodata, ro section .huge_func.text };
do not initialize {
   rw section .eeprom.noinit, rw section .far.noinit, rw section .huge.noinit,
   rw section .near.noinit, rw section .tiny.noinit, rw section .vregs };
initialize by copy {
   rw section .far.bss, rw section .far.data, rw section .far_func.textrw,
   rw section .huge.bss, rw section .huge.data, rw section .huge_func.textrw,
   rw section .iar.dynexit, rw section .near.bss, rw section .near.data,
   rw section .near_func.textrw, rw section .tiny.bss, rw section .tiny.data,
   ro section .tiny.rodata };

No sections matched the following patterns:

  ro section .far.data_init          in "P3-P5"
  ro section .far.rodata             in "P3-P5"
  ro section .far_func.textrw_init   in "P3-P5"
  ro section .huge.data_init         in "P3-P5"
  ro section .huge.rodata            in "P3-P5"
  ro section .huge_func.text         in "P3-P5"
  ro section .huge_func.textrw_init  in "P3-P5"
  ro section .iar.init_table         in "P3-P5"
  ro section .init_array             in "P3-P5"
  ro section .near_func.text         in "P3-P5"
  ro section .near_func.textrw_init  in "P3-P5"
  ro section .tiny.data_init         in "P3-P5"
  ro section .tiny.rodata_init       in "P3-P5"
  ro section __DLIB_PERTHREAD_init   in "P3-P5"
  rw section .far.bss                in "P2"
  rw section .far.data               in "P2"
  rw section .far.noinit             in "P2"
  rw section .far_func.textrw        in "P2"
  rw section .huge.bss               in "P2"
  rw section .huge.data              in "P2"
  rw section .huge.noinit            in "P2"
  rw section .huge_func.textrw       in "P2"
  rw section .iar.dynexit            in "P2"
  rw section .near.noinit            in "P2"
  rw section .near_func.textrw       in "P2"
  rw section .tiny.bss               in "P1"
  rw section .tiny.data              in "P1"
  rw section .tiny.noinit            in "P1"
  rw section .tiny.rodata            in "P1"
  rw section __DLIB_PERTHREAD        in "P2"
  section .eeprom.data               in "P6-P8"
  section .eeprom.noinit             in "P6-P8"
  section .eeprom.rodata             in "P6-P8"


  Section            Kind      Address   Size  Object
  -------            ----      -------   ----  ------
"A0":                                    0x10
  .vregs             uninit   0x000000   0x10  vregs.o [4]
                            - 0x000010   0x10

"P2":                                     0xa
  P2-1                        0x000010    0xa  <Init block>
    .near.data       inited   0x000010    0x4  main.o [1]
    .near.bss        inited   0x000014    0x2  main.o [1]
    .near.bss        inited   0x000016    0x4  stm8s103.o [1]
                            - 0x00001a    0xa

"A1":                                   0x100
  CSTACK                      0x000300  0x100  <Block>
    CSTACK           uninit   0x000300  0x100  <Block tail>
                            - 0x000400  0x100

"A2":                                    0x80
  INTVEC                      0x008000   0x80  <Block>
    .intvec          const    0x008000   0x80  interrupt.o [4]
                            - 0x008080   0x80

"P3-P5":                                0xc46
  .far_func.text     ro code  0x008080  0x1a9  stm8s_adc1.o [1]
  .far_func.text     ro code  0x008229  0x115  stm8s_gpio.o [1]
  .far_func.text     ro code  0x00833e  0x109  stm8s_adc1.o [1]
  .far_func.text     ro code  0x008447   0xc3  stm8s_adc1.o [1]
  .far_func.text     ro code  0x00850a   0xb4  stm8s_adc1.o [1]
  .far_func.text     ro code  0x0085be   0xaa  vreg_util.o [4]
  .far_func.text     ro code  0x008668   0x5f  stm8s_adc1.o [1]
  .far_func.text     ro code  0x0086c7   0x5e  main.o [1]
  .far_func.text     ro code  0x008725   0x5d  stm8s_adc1.o [1]
  .far_func.text     ro code  0x008782   0x56  stm8s_adc1.o [1]
  .far_func.text     ro code  0x0087d8   0x56  stm8s_adc1.o [1]
  .far_func.text     ro code  0x00882e   0x55  stm8s_tim4.o [1]
  .far_func.text     ro code  0x008883   0x54  stm8s_tim4.o [1]
  .near.rodata       const    0x0088d7   0x4a  stm8s_adc1.o [1]
  .near.rodata       const    0x008921   0x4a  stm8s_gpio.o [1]
  .near.rodata       const    0x00896b   0x4a  stm8s_tim4.o [1]
  .far_func.text     ro code  0x0089b5   0x44  stm8s_tim4.o [1]
  .far_func.text     ro code  0x0089f9   0x38  stm8s103.o [1]
  .far_func.text     ro code  0x008a31   0x31  stm8s_adc1.o [1]
  .far_func.text     ro code  0x008a62   0x30  stm8s_tim4.o [1]
  .far_func.text     ro code  0x008a92   0x2d  stm8s_it.o [1]
  .far_func.text     ro code  0x008abf   0x2d  stm8s_it.o [1]
  .far_func.text     ro code  0x008aec   0x28  init_small.o [4]
  .far_func.text     ro code  0x008b14   0x25  stm8s_it.o [1]
  .far_func.text     ro code  0x008b39   0x25  stm8s_tim4.o [1]
  .far_func.text     ro code  0x008b5e   0x25  stm8s_tim4.o [1]
  .far_func.text     ro code  0x008b83   0x21  stm8s103.o [1]
  .iar.init_table    const    0x008ba4    0xb  - Linker created -
  .far_func.text     ro code  0x008baf   0x1e  init.o [4]
  .far_func.text     ro code  0x008bcd   0x1d  stm8s103.o [1]
  .far_func.text     ro code  0x008bea   0x1b  stm8s_it.o [1]
  .far_func.text     ro code  0x008c05   0x1a  long_util.o [4]
  .far_func.text     ro code  0x008c1f   0x19  long.o [4]
  .far_func.text     ro code  0x008c38   0x17  cstartup.o [4]
  .far_func.text     ro code  0x008c4f   0x16  __dbg_xxexit.o [3]
  .far_func.text     ro code  0x008c65    0xf  short.o [4]
  .far_func.text     ro code  0x008c74    0xe  far_util.o [4]
  Initializer bytes  const    0x008c82    0xa  <for P2-1>
  .far_func.text     ro code  0x008c8c    0x7  stm8s_gpio.o [1]
  .far_func.text     ro code  0x008c93    0x7  stm8s_gpio.o [1]
  .far_func.text     ro code  0x008c9a    0x6  cexit.o [4]
  .far_func.text     ro code  0x008ca0    0x5  stm8s_adc1.o [1]
  .far_func.text     ro code  0x008ca5    0x4  interrupt.o [4]
  .far_func.text     ro code  0x008ca9    0x4  exit.o [4]
  .far_func.text     ro code  0x008cad    0x3  low_level_init.o [4]
  .far_func.text     ro code  0x008cb0    0x3  unhandled_exception.o [4]
  .far_func.text     ro code  0x008cb3    0x2  main.o [1]
  .far_func.text     ro code  0x008cb5    0x1  stm8s_it.o [1]
  .far_func.text     ro code  0x008cb6    0x1  stm8s_it.o [1]
  .far_func.text     ro code  0x008cb7    0x1  stm8s_it.o [1]
  .far_func.text     ro code  0x008cb8    0x1  stm8s_it.o [1]
  .far_func.text     ro code  0x008cb9    0x1  stm8s_it.o [1]
  .far_func.text     ro code  0x008cba    0x1  stm8s_it.o [1]
  .far_func.text     ro code  0x008cbb    0x1  stm8s_it.o [1]
  .far_func.text     ro code  0x008cbc    0x1  stm8s_it.o [1]
  .far_func.text     ro code  0x008cbd    0x1  stm8s_it.o [1]
  .far_func.text     ro code  0x008cbe    0x1  stm8s_it.o [1]
  .far_func.text     ro code  0x008cbf    0x1  stm8s_it.o [1]
  .far_func.text     ro code  0x008cc0    0x1  stm8s_it.o [1]
  .far_func.text     ro code  0x008cc1    0x1  stm8s_it.o [1]
  .far_func.text     ro code  0x008cc2    0x1  stm8s_it.o [1]
  .far_func.text     ro code  0x008cc3    0x1  stm8s_it.o [1]
  .far_func.text     ro code  0x008cc4    0x1  stm8s_it.o [1]
  .far_func.text     ro code  0x008cc5    0x1  __dbg_break.o [3]
                            - 0x008cc6  0xc46


*******************************************************************************
*** INIT TABLE
***

          Address   Size
          -------   ----
Copy (__iar_copy_init2)
    1 source range, total size 0xa:
          0x008c82   0xa
    1 destination range, total size 0xa:
          0x000010   0xa



*******************************************************************************
*** MODULE SUMMARY
***

    Module                 ro code  ro data  rw data
    ------                 -------  -------  -------
D:\Tai lieu dien tu\Projects\STM8-projects\ADC\Debug\Obj: [1]
    main.o                      96        6        6
    stm8s103.o                 118        4        4
    stm8s_adc1.o             1 479       74
    stm8s_gpio.o               291       74
    stm8s_it.o                 170
    stm8s_tim4.o               359       74
    ------------------------------------------------
    Total:                   2 513      232       10

command line: [2]
    ------------------------------------------------
    Total:

dbgstm8mmd.a: [3]
    __dbg_break.o                1
    __dbg_xxexit.o              22
    ------------------------------------------------
    Total:                      23

dlstm8mmn.a: [4]
    cexit.o                      6
    cstartup.o                  23
    exit.o                       4
    far_util.o                  14
    init.o                      30
    init_small.o                40
    interrupt.o                  4      128
    long.o                      25
    long_util.o                 26
    low_level_init.o             3
    short.o                     15
    unhandled_exception.o        3
    vreg_util.o                170
    vregs.o                                       16
    ------------------------------------------------
    Total:                     363      128       16

    Linker created                       11      256
----------------------------------------------------
    Grand Total:             2 899      371      282


*******************************************************************************
*** ENTRY LIST
***

Entry                    Address   Size  Type      Object
-----                    -------   ----  ----      ------
.iar.init_table$$Base   0x008ba4          --   Gb  - Linker created -
.iar.init_table$$Limit  0x008baf          --   Gb  - Linker created -
?b0                     0x000000         Data  Gb  vregs.o [4]
?b1                     0x000001         Data  Gb  vregs.o [4]
?b10                    0x00000a         Data  Gb  vregs.o [4]
?b11                    0x00000b         Data  Gb  vregs.o [4]
?b12                    0x00000c         Data  Gb  vregs.o [4]
?b13                    0x00000d         Data  Gb  vregs.o [4]
?b14                    0x00000e         Data  Gb  vregs.o [4]
?b15                    0x00000f         Data  Gb  vregs.o [4]
?b2                     0x000002         Data  Gb  vregs.o [4]
?b3                     0x000003         Data  Gb  vregs.o [4]
?b4                     0x000004         Data  Gb  vregs.o [4]
?b5                     0x000005         Data  Gb  vregs.o [4]
?b6                     0x000006         Data  Gb  vregs.o [4]
?b7                     0x000007         Data  Gb  vregs.o [4]
?b8                     0x000008         Data  Gb  vregs.o [4]
?b9                     0x000009         Data  Gb  vregs.o [4]
?dec32_0x_0x            0x008c24         Code  Gb  long.o [4]
?dec32_l0_l0            0x008c1f         Code  Gb  long.o [4]
?e0                     0x000001         Data  Gb  vregs.o [4]
?e1                     0x000005         Data  Gb  vregs.o [4]
?e2                     0x000009         Data  Gb  vregs.o [4]
?e3                     0x00000d         Data  Gb  vregs.o [4]
?epilogue_l2            0x00865e         Code  Gb  vreg_util.o [4]
?epilogue_l2_l3         0x00865a         Code  Gb  vreg_util.o [4]
?epilogue_w4            0x008663         Code  Gb  vreg_util.o [4]
?l0                     0x000000         Data  Gb  vregs.o [4]
?l1                     0x000004         Data  Gb  vregs.o [4]
?l2                     0x000008         Data  Gb  vregs.o [4]
?l3                     0x00000c         Data  Gb  vregs.o [4]
?load24_e1_0x           0x008c74         Code  Gb  far_util.o [4]
?load32_0x_l0           0x008c11         Code  Gb  long_util.o [4]
?load32_l0_0x           0x008c05         Code  Gb  long_util.o [4]
?pop_l0                 0x008622         Code  Gb  vreg_util.o [4]
?pop_l1                 0x00862d         Code  Gb  vreg_util.o [4]
?pop_l2                 0x008638         Code  Gb  vreg_util.o [4]
?pop_l3                 0x008643         Code  Gb  vreg_util.o [4]
?pop_w4                 0x0085da         Code  Gb  vreg_util.o [4]
?push_l0                0x0085ed         Code  Gb  vreg_util.o [4]
?push_l1                0x0085f2         Code  Gb  vreg_util.o [4]
?push_l2                0x0085f7         Code  Gb  vreg_util.o [4]
?push_l3                0x0085fc         Code  Gb  vreg_util.o [4]
?push_w4                0x0085be         Code  Gb  vreg_util.o [4]
?sll16_x_x_4            0x008c6f         Code  Gb  short.o [4]
?sll16_x_x_5            0x008c6e         Code  Gb  short.o [4]
?sll16_x_x_6            0x008c6d         Code  Gb  short.o [4]
?sll16_x_x_a            0x008c65         Code  Gb  short.o [4]
?w0                     0x000000         Data  Gb  vregs.o [4]
?w1                     0x000002         Data  Gb  vregs.o [4]
?w2                     0x000004         Data  Gb  vregs.o [4]
?w3                     0x000006         Data  Gb  vregs.o [4]
?w4                     0x000008         Data  Gb  vregs.o [4]
?w5                     0x00000a         Data  Gb  vregs.o [4]
?w6                     0x00000c         Data  Gb  vregs.o [4]
?w7                     0x00000e         Data  Gb  vregs.o [4]
ADC1_ClearITPendingBit  0x00850a   0xb4  Code  Gb  stm8s_adc1.o [1]
ADC1_ConversionConfig   0x008447   0xc3  Code  Gb  stm8s_adc1.o [1]
ADC1_DeInit             0x008a31   0x31  Code  Gb  stm8s_adc1.o [1]
ADC1_ExternalTriggerConfig
                        0x008725   0x5d  Code  Gb  stm8s_adc1.o [1]
ADC1_GetConversionValue
                        0x0087d8   0x56  Code  Gb  stm8s_adc1.o [1]
ADC1_IRQHandler         0x008b14   0x25  Code  Gb  stm8s_it.o [1]
ADC1_ITConfig           0x008668   0x5f  Code  Gb  stm8s_adc1.o [1]
ADC1_Init               0x008080  0x1a9  Code  Gb  stm8s_adc1.o [1]
ADC1_PrescalerConfig    0x008782   0x56  Code  Gb  stm8s_adc1.o [1]
ADC1_SchmittTriggerConfig
                        0x00833e  0x109  Code  Gb  stm8s_adc1.o [1]
ADC1_StartConversion    0x008ca0    0x5  Code  Gb  stm8s_adc1.o [1]
AWU_IRQHandler          0x008cb7    0x1  Code  Gb  stm8s_it.o [1]
CLK_IRQHandler          0x008cb8    0x1  Code  Gb  stm8s_it.o [1]
CSTACK$$Base            0x000300          --   Gb  - Linker created -
CSTACK$$Limit           0x000400          --   Gb  - Linker created -
Delay_ISR               0x0089f9   0x38  Code  Gb  stm8s103.o [1]
Delay_Using_Timer4_Init
                        0x008b83   0x21  Code  Gb  stm8s103.o [1]
Delay_ms                0x008bcd   0x1d  Code  Gb  stm8s103.o [1]
EEPROM_EEC_IRQHandler   0x008cc4    0x1  Code  Gb  stm8s_it.o [1]
EXTI_PORTA_IRQHandler   0x008a92   0x2d  Code  Gb  stm8s_it.o [1]
EXTI_PORTB_IRQHandler   0x008cb9    0x1  Code  Gb  stm8s_it.o [1]
EXTI_PORTC_IRQHandler   0x008cba    0x1  Code  Gb  stm8s_it.o [1]
EXTI_PORTD_IRQHandler   0x008abf   0x2d  Code  Gb  stm8s_it.o [1]
EXTI_PORTE_IRQHandler   0x008cbb    0x1  Code  Gb  stm8s_it.o [1]
GPIO_Init               0x008229  0x115  Code  Gb  stm8s_gpio.o [1]
GPIO_ReadInputPin       0x008c93    0x7  Code  Gb  stm8s_gpio.o [1]
GPIO_WriteReverse       0x008c8c    0x7  Code  Gb  stm8s_gpio.o [1]
I2C_IRQHandler          0x008cc3    0x1  Code  Gb  stm8s_it.o [1]
INTVEC$$Base            0x008000          --   Gb  - Linker created -
INTVEC$$Limit           0x008080          --   Gb  - Linker created -
Region$$Table$$Base     0x008ba4          --   Gb  - Linker created -
Region$$Table$$Limit    0x008baf          --   Gb  - Linker created -
SPI_IRQHandler          0x008cbc    0x1  Code  Gb  stm8s_it.o [1]
TIM1_CAP_COM_IRQHandler
                        0x008cbe    0x1  Code  Gb  stm8s_it.o [1]
TIM1_UPD_OVF_TRG_BRK_IRQHandler
                        0x008cbd    0x1  Code  Gb  stm8s_it.o [1]
TIM2_CAP_COM_IRQHandler
                        0x008cc0    0x1  Code  Gb  stm8s_it.o [1]
TIM2_UPD_OVF_BRK_IRQHandler
                        0x008cbf    0x1  Code  Gb  stm8s_it.o [1]
TIM4_ClearFlag          0x008b39   0x25  Code  Gb  stm8s_tim4.o [1]
TIM4_ClearITPendingBit  0x008b5e   0x25  Code  Gb  stm8s_tim4.o [1]
TIM4_Cmd                0x008a62   0x30  Code  Gb  stm8s_tim4.o [1]
TIM4_GetITStatus        0x0089b5   0x44  Code  Gb  stm8s_tim4.o [1]
TIM4_ITConfig           0x00882e   0x55  Code  Gb  stm8s_tim4.o [1]
TIM4_TimeBaseInit       0x008883   0x54  Code  Gb  stm8s_tim4.o [1]
TIM4_UPD_OVF_IRQHandler
                        0x008bea   0x1b  Code  Gb  stm8s_it.o [1]
TLI_IRQHandler          0x008cb6    0x1  Code  Gb  stm8s_it.o [1]
TRAP_IRQHandler         0x008cb5    0x1  Code  Gb  stm8s_it.o [1]
UART1_RX_IRQHandler     0x008cc2    0x1  Code  Gb  stm8s_it.o [1]
UART1_TX_IRQHandler     0x008cc1    0x1  Code  Gb  stm8s_it.o [1]
__DebugBreak            0x008cc5    0x1  Code  Gb  __dbg_break.o [3]
__exit                  0x008c4f   0x16  Code  Gb  __dbg_xxexit.o [3]
__iar_copy_init2        0x008aec         Code  Gb  init_small.o [4]
__iar_data_init2        0x008baf   0x1e  Code  Gb  init.o [4]
__iar_program_start     0x008c38         Code  Gb  cstartup.o [4]
__iar_unhandled_exception
                        0x008cb0         Code  Gb  unhandled_exception.o [4]
__intvec                0x008000         Data  Gb  interrupt.o [4]
__low_level_init        0x008cad    0x3  Code  Gb  low_level_init.o [4]
_exit                   0x008c9a         Code  Gb  cexit.o [4]
_interrupt_1            0x008cb5         Code  Gb  stm8s_it.o [1]
_interrupt_12           0x008cbc         Code  Gb  stm8s_it.o [1]
_interrupt_13           0x008cbd         Code  Gb  stm8s_it.o [1]
_interrupt_14           0x008cbe         Code  Gb  stm8s_it.o [1]
_interrupt_15           0x008cbf         Code  Gb  stm8s_it.o [1]
_interrupt_16           0x008cc0         Code  Gb  stm8s_it.o [1]
_interrupt_19           0x008cc1         Code  Gb  stm8s_it.o [1]
_interrupt_2            0x008cb6         Code  Gb  stm8s_it.o [1]
_interrupt_20           0x008cc2         Code  Gb  stm8s_it.o [1]
_interrupt_21           0x008cc3         Code  Gb  stm8s_it.o [1]
_interrupt_24           0x008b14         Code  Gb  stm8s_it.o [1]
_interrupt_25           0x008bea         Code  Gb  stm8s_it.o [1]
_interrupt_26           0x008cc4         Code  Gb  stm8s_it.o [1]
_interrupt_3            0x008cb7         Code  Gb  stm8s_it.o [1]
_interrupt_4            0x008cb8         Code  Gb  stm8s_it.o [1]
_interrupt_5            0x008a92         Code  Gb  stm8s_it.o [1]
_interrupt_6            0x008cb9         Code  Gb  stm8s_it.o [1]
_interrupt_7            0x008cba         Code  Gb  stm8s_it.o [1]
_interrupt_8            0x008abf         Code  Gb  stm8s_it.o [1]
_interrupt_9            0x008cbb         Code  Gb  stm8s_it.o [1]
adc_value               0x000014    0x2  Data  Gb  main.o [1]
assert_failed           0x008cb3    0x2  Code  Gb  main.o [1]
delay_time              0x000010    0x4  Data  Gb  main.o [1]
exit                    0x008ca9    0x4  Code  Gb  exit.o [4]
main                    0x0086c7   0x5e  Code  Gb  main.o [1]
time_keeper             0x000016    0x4  Data  Gb  stm8s103.o [1]


[1] = D:\Tai lieu dien tu\Projects\STM8-projects\ADC\Debug\Obj
[2] = command line
[3] = dbgstm8mmd.a
[4] = dlstm8mmn.a

  2 899 bytes of readonly  code memory
    371 bytes of readonly  data memory
    282 bytes of readwrite data memory

Errors: none
Warnings: none
